/home/harshros/dev_ws/install/patrol_robot_pkg/lib/python3.10/site-packages/patrol_robot_pkg/patrol_robot_node.py
/home/harshros/dev_ws/install/patrol_robot_pkg/lib/python3.10/site-packages/patrol_robot_pkg/__init__.py
/home/harshros/dev_ws/install/patrol_robot_pkg/lib/python3.10/site-packages/patrol_robot_pkg/robot_navigator.py
/home/harshros/dev_ws/install/patrol_robot_pkg/lib/python3.10/site-packages/patrol_robot_pkg/__pycache__/patrol_robot_node.cpython-310.pyc
/home/harshros/dev_ws/install/patrol_robot_pkg/lib/python3.10/site-packages/patrol_robot_pkg/__pycache__/__init__.cpython-310.pyc
/home/harshros/dev_ws/install/patrol_robot_pkg/lib/python3.10/site-packages/patrol_robot_pkg/__pycache__/robot_navigator.cpython-310.pyc
/home/harshros/dev_ws/install/patrol_robot_pkg/share/ament_index/resource_index/packages/patrol_robot_pkg
/home/harshros/dev_ws/install/patrol_robot_pkg/share/patrol_robot_pkg/package.xml
/home/harshros/dev_ws/install/patrol_robot_pkg/share/patrol_robot_pkg/launch
/home/harshros/dev_ws/install/patrol_robot_pkg/share/patrol_robot_pkg/config/nav2_params.yaml
/home/harshros/dev_ws/install/patrol_robot_pkg/share/patrol_robot_pkg/maps
/home/harshros/dev_ws/install/patrol_robot_pkg/share/patrol_robot_pkg/rviz
/home/harshros/dev_ws/install/patrol_robot_pkg/share/patrol_robot_pkg/worlds/simple_world.world
/home/harshros/dev_ws/install/patrol_robot_pkg/lib/python3.10/site-packages/patrol_robot_pkg-0.0.1-py3.10.egg-info/zip-safe
/home/harshros/dev_ws/install/patrol_robot_pkg/lib/python3.10/site-packages/patrol_robot_pkg-0.0.1-py3.10.egg-info/dependency_links.txt
/home/harshros/dev_ws/install/patrol_robot_pkg/lib/python3.10/site-packages/patrol_robot_pkg-0.0.1-py3.10.egg-info/top_level.txt
/home/harshros/dev_ws/install/patrol_robot_pkg/lib/python3.10/site-packages/patrol_robot_pkg-0.0.1-py3.10.egg-info/entry_points.txt
/home/harshros/dev_ws/install/patrol_robot_pkg/lib/python3.10/site-packages/patrol_robot_pkg-0.0.1-py3.10.egg-info/PKG-INFO
/home/harshros/dev_ws/install/patrol_robot_pkg/lib/python3.10/site-packages/patrol_robot_pkg-0.0.1-py3.10.egg-info/SOURCES.txt
/home/harshros/dev_ws/install/patrol_robot_pkg/lib/python3.10/site-packages/patrol_robot_pkg-0.0.1-py3.10.egg-info/requires.txt
/home/harshros/dev_ws/install/patrol_robot_pkg/lib/patrol_robot_pkg/patrol_robot
